################################################################################
#                                                                              #
#      IAR Universal Linker V4.53O/WIN                                         #
#                                                                              #
#           Link time     =  26/Apr/2009  15:47:20                             #
#           Target CPU    =  A90                                               #
#           List file     =  E:\work_folder\_new_\pems_os\compiler\IAR2.28A_AV #
#                            R\Debug\List\pems_prj.map                         #
#           Output file 1 =  E:\work_folder\_new_\pems_os\compiler\IAR2.28A_AV #
#                            R\Debug\Exe\pems_prj.d90                          #
#                            Format: debug                                     #
#                            UBROF version 8.0.2                               #
#                            Using library modules for C-SPY (-rt)             #
#           Command line  =  E:\work_folder\_new_\pems_os\compiler\IAR2.28A_AV #
#                            R\Debug\Obj\actionTask.r90                        #
#                            E:\work_folder\_new_\pems_os\compiler\IAR2.28A_AV #
#                            R\Debug\Obj\app.r90                               #
#                            E:\work_folder\_new_\pems_os\compiler\IAR2.28A_AV #
#                            R\Debug\Obj\buzzer.r90                            #
#                            E:\work_folder\_new_\pems_os\compiler\IAR2.28A_AV #
#                            R\Debug\Obj\csched.r90                            #
#                            E:\work_folder\_new_\pems_os\compiler\IAR2.28A_AV #
#                            R\Debug\Obj\eeprom.r90                            #
#                            E:\work_folder\_new_\pems_os\compiler\IAR2.28A_AV #
#                            R\Debug\Obj\error.r90                             #
#                            E:\work_folder\_new_\pems_os\compiler\IAR2.28A_AV #
#                            R\Debug\Obj\fdlist.r90                            #
#                            E:\work_folder\_new_\pems_os\compiler\IAR2.28A_AV #
#                            R\Debug\Obj\init.r90                              #
#                            E:\work_folder\_new_\pems_os\compiler\IAR2.28A_AV #
#                            R\Debug\Obj\initos.r90                            #
#                            E:\work_folder\_new_\pems_os\compiler\IAR2.28A_AV #
#                            R\Debug\Obj\insmod.r90                            #
#                            E:\work_folder\_new_\pems_os\compiler\IAR2.28A_AV #
#                            R\Debug\Obj\intr.r90                              #
#                            E:\work_folder\_new_\pems_os\compiler\IAR2.28A_AV #
#                            R\Debug\Obj\main.r90                              #
#                            E:\work_folder\_new_\pems_os\compiler\IAR2.28A_AV #
#                            R\Debug\Obj\motion.r90                            #
#                            E:\work_folder\_new_\pems_os\compiler\IAR2.28A_AV #
#                            R\Debug\Obj\msg.r90                               #
#                            E:\work_folder\_new_\pems_os\compiler\IAR2.28A_AV #
#                            R\Debug\Obj\osapi.r90                             #
#                            E:\work_folder\_new_\pems_os\compiler\IAR2.28A_AV #
#                            R\Debug\Obj\photo.r90                             #
#                            E:\work_folder\_new_\pems_os\compiler\IAR2.28A_AV #
#                            R\Debug\Obj\printf.r90                            #
#                            E:\work_folder\_new_\pems_os\compiler\IAR2.28A_AV #
#                            R\Debug\Obj\recordTask.r90                        #
#                            E:\work_folder\_new_\pems_os\compiler\IAR2.28A_AV #
#                            R\Debug\Obj\reg.r90                               #
#                            E:\work_folder\_new_\pems_os\compiler\IAR2.28A_AV #
#                            R\Debug\Obj\SerialTask.r90                        #
#                            E:\work_folder\_new_\pems_os\compiler\IAR2.28A_AV #
#                            R\Debug\Obj\servo.r90                             #
#                            E:\work_folder\_new_\pems_os\compiler\IAR2.28A_AV #
#                            R\Debug\Obj\sonic.r90                             #
#                            E:\work_folder\_new_\pems_os\compiler\IAR2.28A_AV #
#                            R\Debug\Obj\tasksched.r90                         #
#                            E:\work_folder\_new_\pems_os\compiler\IAR2.28A_AV #
#                            R\Debug\Obj\tcblist.r90                           #
#                            E:\work_folder\_new_\pems_os\compiler\IAR2.28A_AV #
#                            R\Debug\Obj\timelist.r90                          #
#                            E:\work_folder\_new_\pems_os\compiler\IAR2.28A_AV #
#                            R\Debug\Obj\timertick.r90                         #
#                            E:\work_folder\_new_\pems_os\compiler\IAR2.28A_AV #
#                            R\Debug\Obj\uart.r90                              #
#                            E:\work_folder\_new_\pems_os\compiler\IAR2.28A_AV #
#                            R\Debug\Obj\uart0fr.r90                           #
#                            E:\work_folder\_new_\pems_os\compiler\IAR2.28A_AV #
#                            R\Debug\Obj\uart1fr.r90                           #
#                            E:\work_folder\_new_\pems_os\compiler\IAR2.28A_AV #
#                            R\Debug\Obj\utils.r90                             #
#                            C:\PROGRA~1\IARSYS~2\Ew23\avr\lib\cl3s-ec.r90     #
#                            -o                                                #
#                            E:\work_folder\_new_\pems_os\compiler\IAR2.28A_AV #
#                            R\Debug\Exe\pems_prj.d90                          #
#                            -rt -l                                            #
#                            E:\work_folder\_new_\pems_os\compiler\IAR2.28A_AV #
#                            R\Debug\List\pems_prj.map                         #
#                            -xms -IC:\PROGRA~1\IARSYS~2\Ew23\avr\LIB\ -f      #
#                            C:\PROGRA~1\IARSYS~2\Ew23\avr\src\template\cfgm12 #
#                            8.xcl                                             #
#                            (-D_..X_INTVEC_SIZE=8C -D_..X_FLASH_NEND=FFFF     #
#                            -D_..X_FLASH_END=1FFFF -D_..X_SRAM_BASE=100       #
#                            -D_..X_SRAM_TEND=100 -D_..X_SRAM_END=10FF         #
#                            -D_..X_EEPROM_END=FFF) -D_..X_HEAP_SIZE=100       #
#                            -D_..X_CSTACK_SIZE=1000 -D_..X_RSTACK_SIZE=258    #
#                            -e_small_write=_formatted_write                   #
#                            -e_medium_read=_formatted_read -f                 #
#                            C:\PROGRA~1\IARSYS~2\Ew23\avr\src\template\cfg3s. #
#                            xcl                                               #
#                            (-ca90 -w29                                       #
#                            -Z(CODE)INTVEC=0-(_..X_INTVEC_SIZE-1)             #
#                            -Z(CODE)TINY_F=_..X_FLASH_BASE-FF                 #
#                            -Z(CODE)NEAR_F=_..X_FLASH_BASE-_..X_FLASH_NEND    #
#                            -Z(CODE)SWITCH=_..X_FLASH_BASE-_..X_FLASH_NEND    #
#                            -Z(CODE)DIFUNCT=_..X_FLASH_BASE-_..X_FLASH_NEND   #
#                            -Z(CODE)CODE=_..X_FLASH_BASE-_..X_FLASH_END       #
#                            -Z(CODE)FAR_F=[_..X_FLASH_BASE-_..X_FLASH_END]/10 #
#                            000                                               #
#                            -Z(CODE)INITTAB=[_..X_FLASH_BASE-_..X_FLASH_END]/ #
#                            10000                                             #
#                            -Z(CODE)HUGE_F=_..X_FLASH_BASE-_..X_FLASH_END     #
#                            -Z(CODE)TINY_ID=_..X_FLASH_BASE-_..X_FLASH_END    #
#                            -Z(CODE)NEAR_ID=_..X_FLASH_BASE-_..X_FLASH_END    #
#                            -Z(CODE)CHECKSUM=_..X_FLASH_BASE-_..X_FLASH_END   #
#                            -Z(DATA)TINY_I,TINY_Z,TINY_N=_..X_SRAM_BASE-_..X_ #
#                            SRAM_TEND                                         #
#                            -Z(DATA)CSTACK+_..X_CSTACK_SIZE=_..X_SRAM_BASE-_. #
#                            .X_SRAM_END,_..X_EXT_CSTACK_BASE-_..X_EXT_CSTACK_ #
#                            END                                               #
#                            -Z(DATA)HEAP+_..X_HEAP_SIZE=_..X_SRAM_BASE-_..X_S #
#                            RAM_END,_..X_EXT_SRAM_BASE-_..X_EXT_SRAM_END      #
#                            -Z(DATA)RSTACK+_..X_RSTACK_SIZE=_..X_SRAM_BASE-_. #
#                            .X_SRAM_END,_..X_EXT_RSTACK_BASE-_..X_EXT_RSTACK_ #
#                            END                                               #
#                            -Z(DATA)NEAR_I,NEAR_Z=_..X_SRAM_BASE-_..X_SRAM_EN #
#                            D,_..X_EXT_SRAM_BASE-_..X_EXT_SRAM_END            #
#                            -Z(DATA)NEAR_C=_..X_EXT_ROM_BASE-_..X_EXT_ROM_END #
#                            -Z(DATA)NEAR_N=_..X_EXT_NV_BASE-_..X_EXT_NV_END   #
#                            -Z(XDATA)EEPROM_I,EEPROM_N=1-_..X_EEPROM_END)     #
#                            -D_..X_FLASH_BASE=_..X_INTVEC_SIZE -H1895         #
#                            -h(CODE)0-(_..X_INTVEC_SIZE-1)                    #
#                            -D_..X_EXT_SRAM_BASE=1100                         #
#                            -D_..X_EXT_SRAM_END=7FFE                          #
#                            -D_..X_EXT_ROM_BASE=_..X_SRAM_BASE                #
#                            -D_..X_EXT_ROM_END=_..X_SRAM_BASE                 #
#                            -D_..X_EXT_NV_BASE=_..X_SRAM_BASE                 #
#                            -D_..X_EXT_NV_END=_..X_SRAM_END                   #
#                            -D_..X_EXT_CSTACK_BASE=1100                       #
#                            -D_..X_EXT_CSTACK_END=7FFE                        #
#                            -D_..X_EXT_RSTACK_BASE=1100                       #
#                            -D_..X_EXT_RSTACK_END=7FFE                        #
#                                                                              #
#                        Copyright 1987-2002 IAR Systems. All rights reserved. #
################################################################################





                ****************************************
                *                                      *
                *           CROSS REFERENCE            *
                *                                      *
                ****************************************

                  There are no program entries.




                ****************************************
                *                                      *
                *            RUNTIME MODEL             *
                *                                      *
                ****************************************

  EEPROM_SIZE     = 2
  R10             = REG
  R11             = REG
  R12             = REG
  R13             = REG
  R14             = REG
  R15             = REG
  R4              = REG
  R5              = REG
  R6              = REG
  R7              = REG
  R8              = REG
  R9              = REG
  __64bit_doubles = disabled
  __cpu           = 3
  __cpu_name      = AT90Mega128
  __enhanced_core = enabled
  __has_elpm      = true
  __memory_model  = 2
  __no_rampd      = enabled
  __rt_version    = 2.30



                ****************************************
                *                                      *
                *              MODULE MAP              *
                *                                      *
                ****************************************


  DEFINED ABSOLUTE ENTRIES
  PROGRAM MODULE, NAME : ?ABS_ENTRY_MOD

Absolute parts
           ENTRY                   ADDRESS         REF BY
           =====                   =======         ======
           _..X_EXT_RSTACK_END     00007FFE 
           _..X_EXT_RSTACK_BASE    00001100 
           _..X_EXT_CSTACK_END     00007FFE 
           _..X_EXT_CSTACK_BASE    00001100 
           _..X_EXT_NV_END         000010FF 
           _..X_EXT_NV_BASE        00000100 
           _..X_EXT_ROM_END        00000100 
           _..X_EXT_ROM_BASE       00000100 
           _..X_EXT_SRAM_END       00007FFE 
           _..X_EXT_SRAM_BASE      00001100 
           _..X_FLASH_BASE         0000008C 
           _..X_RSTACK_SIZE        00000258 
           _..X_CSTACK_SIZE        00001000 
           _..X_HEAP_SIZE          00000100 
           _..X_EEPROM_END         00000FFF 
           _..X_SRAM_END           000010FF 
           _..X_SRAM_TEND          00000100 
           _..X_SRAM_BASE          00000100 
           _..X_FLASH_END          0001FFFF 
           _..X_FLASH_NEND         0000FFFF 
           _..X_INTVEC_SIZE        0000008C 
    *************************************************************************

  FILE NAME : E:\work_folder\_new_\pems_os\compiler\IAR2.28A_AVR\Debug\Obj\actionTask.r90
  PROGRAM MODULE, NAME : actionTask

  SEGMENTS IN THE MODULE
  ======================
NEAR_Z
  Relative segment, address: DATA 000014D0 - 000014DB (c bytes), align: 0
  Segment part 7.             Intra module refs:   actingTaskInit
           ENTRY                   ADDRESS         REF BY
           =====                   =======         ======
           actingTask              000014D0        taskschedInit (tasksched)
    -------------------------------------------------------------------------
NEAR_Z
  Relative segment, address: DATA 000014DC - 000014E3 (8 bytes), align: 0
  Segment part 9.             Intra module refs:   actingTaskInit
           ENTRY                   ADDRESS         REF BY
           =====                   =======         ======
           acting_data             000014DC 
    -------------------------------------------------------------------------
NEAR_Z
  Relative segment, address: DATA 000014E4 - 000014ED (a bytes), align: 0
  Segment part 10.            Intra module refs:   actingTaskInit
           ENTRY                   ADDRESS         REF BY
           =====                   =======         ======
           adat                    000014E4 
    -------------------------------------------------------------------------
NEAR_Z
  Relative segment, address: DATA 000014EE - 000014F1 (4 bytes), align: 0
  Segment part 12.            Intra module refs:   actingTaskInit
           ENTRY                   ADDRESS         REF BY
           =====                   =======         ======
           drv_num                 000014EE 
    -------------------------------------------------------------------------
CODE
  Relative segment, address: CODE 0000010E - 00000179 (6c bytes), align: 1
  Segment part 13.
           ENTRY                   ADDRESS         REF BY
           =====                   =======         ======
           actingTaskInit          0000010E        taskschedInit (tasksched)
               non_banked function
               calls direct
               stack 1 = 00000000 ( 00000002 )
               stack 2 = 00000000 ( 00000002 )
    -------------------------------------------------------------------------
CODE
  Relative segment, address: CODE 0000017A - 0000017B (2 bytes), align: 1
  Segment part 14.            Intra module refs:   actingTaskInit
           ENTRY                   ADDRESS         REF BY
           =====                   =======         ======
           actingBase              0000017A 
               non_banked function
    -------------------------------------------------------------------------
ABSOLUTE (ABS)
  Relative segment, address: DATA 0000001C, align: 0
  Segment part 1. ROOT.
           ENTRY                   ADDRESS         REF BY
           =====                   =======         ======
           __?EECR                 0000001C        Segment part 0 (?EEPROM_16)
                                                   Segment part 1 (?EEPROM_16)
                                                   Segment part 6 (?EEPROM_16)
    -------------------------------------------------------------------------
ABSOLUTE (ABS)
  Relative segment, address: DATA 0000001D, align: 0
  Segment part 2. ROOT.
           ENTRY                   ADDRESS         REF BY
           =====                   =======         ======
           __?EEDR                 0000001D        __eeget8_16 (?EEPROM_16)
                                                   __eeput8_16 (?EEPROM_16)
    -------------------------------------------------------------------------
ABSOLUTE (ABS)
  Relative segment, address: DATA 0000001E, align: 0
  Segment part 3. ROOT.
           ENTRY                   ADDRESS         REF BY
           =====                   =======         ======
           __?EEARL                0000001E        Segment part 1 (?EEPROM_16)
                                                   Segment part 6 (?EEPROM_16)
    -------------------------------------------------------------------------
ABSOLUTE (ABS)
  Relative segment, address: DATA 0000001F, align: 0
  Segment part 4. ROOT.
           ENTRY                   ADDRESS         REF BY
           =====                   =======         ======
           __?EEARH                0000001F        Segment part 1 (?EEPROM_16)
                                                   Segment part 6 (?EEPROM_16)
    -------------------------------------------------------------------------
INITTAB
  Relative segment, address: CODE 00002CF9 - 00002CFF (7 bytes), align: 0
  Segment part 8.             Intra module refs:   CallNextFastThread::innerCnt (tcblist)
                                                   FTCBList (tcblist)
                                                   Fast_cnt (tcblist)
                                                   Filter (motion)
                                                   Freq_min1 (motion)
                                                   Fta (tcblist)
                                                   MASK (motion)
                                                   MOT_fop (motion)
                                                   PHOTO_fop (photo)
                                                   RxLen (uart0fr)
                                                   SERVO_fop (servo)
                                                   SONIC_fop (sonic)
                                                   SONIC_interrupt::sonic_trigger (sonic)
                                                   Serialbuf0 (SerialTask)
                                                   TCBList (tcblist)
                                                   URT0_fop (uart0fr)
                                                   actingTask
                                                   acting_data
                                                   adat
                                                   dataLen (uart0fr)
                                                   dbts (tasksched)
                                                   do_padding (printf)
                                                   drv_num
                                                   eep_fop (eeprom)
                                                   fThreadBlk (tcblist)
                                                   fastTick (timertick)
                                                   fastTrd (tcblist)
                                                   gAddr (eeprom)
                                                   gSensivity (motion)
                                                   g_err (uart0fr)
                                                   getSystime (motion)
                                                   left_flag (printf)
                                                   len (printf)
                                                   lrc (uart0fr)
                                                   mfdlist (fdlist)
                                                   motBuf (motion)
                                                   motTim (motion)
                                                   motionTick (motion)
                                                   msgbox (msg)
                                                   mtbuf_end (motion)
                                                   mtbuf_start (motion)
                                                   myNumDesti (uart0fr)
                                                   nRxtemp (uart0fr)
                                                   nSampling (photo)
                                                   num1 (printf)
                                                   num2 (printf)
                                                   pDAYchange (timertick)
                                                   pRxData (uart0fr)
                                                   pRxtmp (uart0fr)
                                                   pad_character (printf)
                                                   randSeed (osapi)
                                                   recbuf (recordTask)
                                                   recordingTask (recordTask)
                                                   recording_data (recordTask)
                                                   rx0State (uart0fr)
                                                   rxChar (uart0fr)
                                                   rxdone (uart0fr)
                                                   rxsCount (uart0fr)
                                                   rxtemp (uart0fr)
                                                   serialTask (SerialTask)
                                                   serial_data (SerialTask)
                                                   skipTime (osapi)
                                                   skipped_Rxdata (uart0fr)
                                                   sonic_end (sonic)
                                                   sonic_start (sonic)
                                                   stDAT::count (uart0fr)
                                                   stDST::count (uart0fr)
                                                   stLEN::count (uart0fr)
                                                   stSRC::count (uart0fr)
                                                   sync_real_time (timertick)
                                                   sync_tick (timertick)
                                                   tfile (app)
                                                   tick (timertick)
                                                   timerList (timelist)
                                                   tsysTime (motion)
                                                   uartfd (SerialTask)
           ENTRY                   ADDRESS         REF BY
           =====                   =======         ======
           ?<Segment init: NEAR_Z>
                                   00002CF9 

    *************************************************************************

  FILE NAME : E:\work_folder\_new_\pems_os\compiler\IAR2.28A_AVR\Debug\Obj\app.r90
  PROGRAM MODULE, NAME : app

  SEGMENTS IN THE MODULE
  ======================
NEAR_Z
  Relative segment, address: DATA 000014F2 - 000014F5 (4 bytes), align: 0
  Segment part 7.             Intra module refs:   DevInit
                                                   read
                                                   write
           ENTRY                   ADDRESS         REF BY
           =====                   =======         ======
           tfile                   000014F2 
    -------------------------------------------------------------------------
CODE
  Relative segment, address: CODE 0000017C - 00000185 (a bytes), align: 1
  Segment part 9.
           ENTRY                   ADDRESS         REF BY
           =====                   =======         ======
           DevInit                 0000017C        oInit (osapi)
               non_banked function
    -------------------------------------------------------------------------
CODE
  Relative segment, address: CODE 00000186 - 0000019D (18 bytes), align: 1
  Segment part 10.
           ENTRY                   ADDRESS         REF BY
           =====                   =======         ======
           registerDEV             00000186        CheckReg (reg)
               non_banked function
               calls direct
               stack 1 = 00000000 ( 00000000 )
               stack 2 = 00000000 ( 00000002 )
    -------------------------------------------------------------------------
CODE
  Relative segment, address: CODE 0000019E - 00000237 (9a bytes), align: 1
  Segment part 12.
           ENTRY                   ADDRESS         REF BY
           =====                   =======         ======
           open                    0000019E        actingTaskInit (actionTask)
                                                   serialTaskInit (SerialTask)
               non_banked function
               calls direct and indirect
               stack 1 = 00000000 ( 00000006 )
               stack 2 = 00000000 ( 00000002 )
    -------------------------------------------------------------------------
CODE
  Relative segment, address: CODE 00000238 - 00000285 (4e bytes), align: 1
  Segment part 13.
           ENTRY                   ADDRESS         REF BY
           =====                   =======         ======
           read                    00000238        serial0Base (SerialTask)
               non_banked function
               calls direct and indirect
               stack 1 = 00000000 ( 00000004 )
               stack 2 = 00000000 ( 00000002 )
    -------------------------------------------------------------------------
CODE
  Relative segment, address: CODE 00000286 - 000002D3 (4e bytes), align: 1
  Segment part 14.
           ENTRY                   ADDRESS         REF BY
           =====                   =======         ======
           write                   00000286        serial0Base (SerialTask)
               non_banked function
               calls direct and indirect
               stack 1 = 00000000 ( 00000004 )
               stack 2 = 00000000 ( 00000002 )

    *************************************************************************

  FILE NAME : E:\work_folder\_new_\pems_os\compiler\IAR2.28A_AVR\Debug\Obj\buzzer.r90
    *************************************************************************

  FILE NAME : E:\work_folder\_new_\pems_os\compiler\IAR2.28A_AVR\Debug\Obj\csched.r90
  PROGRAM MODULE, NAME : csched

  SEGMENTS IN THE MODULE
  ======================
CODE
  Relative segment, address: CODE 000002D4 - 000002F9 (26 bytes), align: 1
  Segment part 7.
           ENTRY                   ADDRESS         REF BY
           =====                   =======         ======
           SystemSched             000002D4        main (main)
               non_banked function
               calls direct
               stack 1 = 00000000 ( 00000002 )
               stack 2 = 00000000 ( 00000002 )

    *************************************************************************

  FILE NAME : E:\work_folder\_new_\pems_os\compiler\IAR2.28A_AVR\Debug\Obj\eeprom.r90
  PROGRAM MODULE, NAME : eeprom

  SEGMENTS IN THE MODULE
  ======================
NEAR_Z
  Relative segment, address: DATA 000014F6 - 000014F7 (2 bytes), align: 0
  Segment part 7.             Intra module refs:   EEP_ioctl
                                                   EEP_open
                                                   EEP_read
                                                   EEP_write
           ENTRY                   ADDRESS         REF BY
           =====                   =======         ======
           gAddr                   000014F6 
    -------------------------------------------------------------------------
NEAR_Z
  Relative segment, address: DATA 000014F8 - 00001503 (c bytes), align: 0
  Segment part 9.             Intra module refs:   EEP_insmod
           ENTRY                   ADDRESS         REF BY
           =====                   =======         ======
           eep_fop                 000014F8 
    -------------------------------------------------------------------------
CODE
  Relative segment, address: CODE 000002FA - 0000032F (36 bytes), align: 1
  Segment part 10.
           ENTRY                   ADDRESS         REF BY
           =====                   =======         ======
           EEP_insmod              000002FA        InitDrv (insmod)
               non_banked function
               calls direct
               stack 1 = 00000000 ( 00000000 )
               stack 2 = 00000000 ( 00000002 )
    -------------------------------------------------------------------------
CODE
  Relative segment, address: CODE 00000330 - 0000033D (e bytes), align: 1
  Segment part 11.            Intra module refs:   EEP_insmod
           ENTRY                   ADDRESS         REF BY
           =====                   =======         ======
           EEP_open                00000330 
               non_banked function
    -------------------------------------------------------------------------
CODE
  Relative segment, address: CODE 0000033E - 00000379 (3c bytes), align: 1
  Segment part 12.            Intra module refs:   EEP_insmod
           ENTRY                   ADDRESS         REF BY
           =====                   =======         ======
           EEP_write               0000033E 
               non_banked function
               stack 1 = 00000000 ( 00000000 )
               stack 2 = 00000000 ( 00000002 )
    -------------------------------------------------------------------------
CODE
  Relative segment, address: CODE 0000037A - 000003B5 (3c bytes), align: 1
  Segment part 13.            Intra module refs:   EEP_insmod
           ENTRY                   ADDRESS         REF BY
           =====                   =======         ======
           EEP_read                0000037A 
               non_banked function
               stack 1 = 00000000 ( 00000000 )
               stack 2 = 00000000 ( 00000002 )
    -------------------------------------------------------------------------
CODE
  Relative segment, address: CODE 000003B6 - 000003E7 (32 bytes), align: 1
  Segment part 14.            Intra module refs:   EEP_insmod
           ENTRY                   ADDRESS         REF BY
           =====                   =======         ======
           EEP_ioctl               000003B6 
               non_banked function
    -------------------------------------------------------------------------
CODE
  Relative segment, address: CODE 000003E8 - 000003ED (6 bytes), align: 1
  Segment part 15.            Intra module refs:   EEP_insmod
           ENTRY                   ADDRESS         REF BY
           =====                   =======         ======
           EEP_close               000003E8 
               non_banked function

    *************************************************************************

  FILE NAME : E:\work_folder\_new_\pems_os\compiler\IAR2.28A_AVR\Debug\Obj\error.r90
  PROGRAM MODULE, NAME : error

  SEGMENTS IN THE MODULE
  ======================
CODE
  Relative segment, address: CODE 000003EE - 0000041B (2e bytes), align: 1
  Segment part 10.
           ENTRY                   ADDRESS         REF BY
           =====                   =======         ======
           err                     000003EE        MOT_read (motion)
                                                   NullFunctFT (tcblist)
                                                   NullFunctT (tcblist)
                                                   PHOTO_read (photo)
                                                   SONIC_read (sonic)
                                                   SendMsg (msg)
                                                   URT0_read (uart0fr)
                                                   addfdlist (fdlist)
                                                   open (app)
                                                   read (app)
                                                   readfdlist (fdlist)
                                                   registerDEV (app)
                                                   stETX (uart0fr)
                                                   write (app)
               non_banked function
               calls direct
               stack 1 = 00000000 ( 00000004 )
               stack 2 = 00000000 ( 00000002 )
    -------------------------------------------------------------------------
NEAR_I
  Relative segment, address: DATA 00001358 - 00001363 (c bytes), align: 0
  Segment part 7.             Intra module refs:   err
    -------------------------------------------------------------------------
NEAR_ID
  Relative segment, address: CODE 00002D07 - 00002D12 (c bytes), align: 0
  Segment part 8.             Intra module refs:   Segment part 7
    -------------------------------------------------------------------------
INITTAB
  Relative segment, address: CODE 00002D00 - 00002D06 (7 bytes), align: 0
  Segment part 9.             Intra module refs:   CheckReg::test (reg)
                                                   Segment part 10 (tasksched)
                                                   Segment part 10 (uart0fr)
                                                   Segment part 11 (timertick)
                                                   Segment part 12 (tasksched)
                                                   Segment part 14 (tasksched)
                                                   Segment part 7
                                                   Segment part 7 (fdlist)
                                                   Segment part 7 (initos)
                                                   Segment part 7 (msg)
                                                   Segment part 7 (osapi)
                                                   Segment part 7 (reg)
                                                   Segment part 7 (tasksched)
                                                   Segment part 7 (tcblist)
                                                   Segment part 7 (uart0fr)
                                                   Segment part 8 (timertick)
                                                   mtbuf_lock (motion)
                                                   myNumSource (uart0fr)
           ENTRY                   ADDRESS         REF BY
           =====                   =======         ======
           ?<Segment init: NEAR_I>
                                   00002D00 

    *************************************************************************

  FILE NAME : E:\work_folder\_new_\pems_os\compiler\IAR2.28A_AVR\Debug\Obj\fdlist.r90
  PROGRAM MODULE, NAME : fdlist

  SEGMENTS IN THE MODULE
  ======================
NEAR_Z
  Relative segment, address: DATA 00001504 - 00001535 (32 bytes), align: 0
  Segment part 10.            Intra module refs:   addfdlist
                                                   checknDev
                                                   emptyfd
                                                   readfdlist
           ENTRY                   ADDRESS         REF BY
           =====                   =======         ======
           mfdlist                 00001504        open (app)
                                                   read (app)
                                                   write (app)
    -------------------------------------------------------------------------
CODE
  Relative segment, address: CODE 0000041C - 0000044D (32 bytes), align: 1
  Segment part 13.            Intra module refs:   addfdlist
           ENTRY                   ADDRESS         REF BY
           =====                   =======         ======
           checknDev               0000041C 
               non_banked function
    -------------------------------------------------------------------------
CODE
  Relative segment, address: CODE 0000044E - 00000471 (24 bytes), align: 1
  Segment part 14.            Intra module refs:   addfdlist
           ENTRY                   ADDRESS         REF BY
           =====                   =======         ======
           emptyfd                 0000044E 
               non_banked function
    -------------------------------------------------------------------------
CODE
  Relative segment, address: CODE 00000472 - 000004E5 (74 bytes), align: 1
  Segment part 15.
           ENTRY                   ADDRESS         REF BY
           =====                   =======         ======
           addfdlist               00000472        EEP_insmod (eeprom)
                                                   MOT_insmod (motion)
                                                   PHOTO_insmod (photo)
                                                   SERVO_insmod (servo)
                                                   SONIC_insmod (sonic)
                                                   URT0_insmod (uart0fr)
               non_banked function
               calls direct
               stack 1 = 00000000 ( 00000006 )
               stack 2 = 00000000 ( 00000002 )
    -------------------------------------------------------------------------
CODE
  Relative segment, address: CODE 000004E6 - 0000051B (36 bytes), align: 1
  Segment part 17.
           ENTRY                   ADDRESS         REF BY
           =====                   =======         ======
           readfdlist              000004E6        open (app)
                                                   registerDEV (app)
               non_banked function
               calls direct
               stack 1 = 00000000 ( 00000002 )
               stack 2 = 00000000 ( 00000002 )
    -------------------------------------------------------------------------
NEAR_I
  Relative segment, address: DATA 00001364 - 0000137E (1b bytes), align: 0
  Segment part 7.             Intra module refs:   addfdlist
    -------------------------------------------------------------------------
NEAR_ID
  Relative segment, address: CODE 00002D13 - 00002D2D (1b bytes), align: 0
  Segment part 8.             Intra module refs:   Segment part 7

    *************************************************************************

  FILE NAME : E:\work_folder\_new_\pems_os\compiler\IAR2.28A_AVR\Debug\Obj\init.r90
  PROGRAM MODULE, NAME : init

  SEGMENTS IN THE MODULE
  ======================
ABSOLUTE (ABS)
  Relative segment, address: DATA 00000022 - 00000022 (1 bytes), align: 0
  Segment part 1. ROOT.
           ENTRY                   ADDRESS         REF BY
           =====                   =======         ======
           _A_DDRE                 00000022 
    -------------------------------------------------------------------------
ABSOLUTE (ABS)
  Relative segment, address: DATA 00000023 - 00000023 (1 bytes), align: 0
  Segment part 2. ROOT.
           ENTRY                   ADDRESS         REF BY
           =====                   =======         ======
           _A_PORTE                00000023 
    -------------------------------------------------------------------------
ABSOLUTE (ABS)
  Relative segment, address: DATA 00000031 - 00000031 (1 bytes), align: 0
  Segment part 3. ROOT.
           ENTRY                   ADDRESS         REF BY
           =====                   =======         ======
           _A_DDRD                 00000031 
    -------------------------------------------------------------------------
ABSOLUTE (ABS)
  Relative segment, address: DATA 00000032 - 00000032 (1 bytes), align: 0
  Segment part 4. ROOT.
           ENTRY                   ADDRESS         REF BY
           =====                   =======         ======
           _A_PORTD                00000032 
    -------------------------------------------------------------------------
ABSOLUTE (ABS)
  Relative segment, address: DATA 00000041 - 00000041 (1 bytes), align: 0
  Segment part 5. ROOT.
           ENTRY                   ADDRESS         REF BY
           =====                   =======         ======
           _A_WDTCR                00000041 
    -------------------------------------------------------------------------
CODE
  Relative segment, address: CODE 0000051C - 0000052B (10 bytes), align: 1
  Segment part 12.            Intra module refs:   InitPort
           ENTRY                   ADDRESS         REF BY
           =====                   =======         ======
           InitWatchdog            0000051C 
               non_banked function
    -------------------------------------------------------------------------
CODE
  Relative segment, address: CODE 0000052C - 0000052F (4 bytes), align: 1
  Segment part 13.
           ENTRY                   ADDRESS         REF BY
           =====                   =======         ======
           RstWatchdog             0000052C        main (main)
                                                   oTimerDelay (osapi)
                                                   oTimerDelay5us (osapi)
                                                   xprintf (printf)
               non_banked function
    -------------------------------------------------------------------------
CODE
  Relative segment, address: CODE 00000530 - 00000547 (18 bytes), align: 1
  Segment part 14.
           ENTRY                   ADDRESS         REF BY
           =====                   =======         ======
           InitPort                00000530        main (main)
               non_banked function
               calls direct
               stack 1 = 00000000 ( 00000000 )
               stack 2 = 00000000 ( 00000002 )

    *************************************************************************

  FILE NAME : E:\work_folder\_new_\pems_os\compiler\IAR2.28A_AVR\Debug\Obj\initos.r90
  PROGRAM MODULE, NAME : initos

  SEGMENTS IN THE MODULE
  ======================
CODE
  Relative segment, address: CODE 00000548 - 00000585 (3e bytes), align: 1
  Segment part 10.
           ENTRY                   ADDRESS         REF BY
           =====                   =======         ======
           InitOS                  00000548        main (main)
               non_banked function
               calls direct
               stack 1 = 00000000 ( 00000002 )
               stack 2 = 00000000 ( 00000002 )
    -------------------------------------------------------------------------
NEAR_I
  Relative segment, address: DATA 0000137F - 0000139F (21 bytes), align: 0
  Segment part 7.             Intra module refs:   InitOS
    -------------------------------------------------------------------------
NEAR_ID
  Relative segment, address: CODE 00002D2E - 00002D4E (21 bytes), align: 0
  Segment part 8.             Intra module refs:   Segment part 7

    *************************************************************************

  FILE NAME : E:\work_folder\_new_\pems_os\compiler\IAR2.28A_AVR\Debug\Obj\insmod.r90
  PROGRAM MODULE, NAME : insmod

  SEGMENTS IN THE MODULE
  ======================
CODE
  Relative segment, address: CODE 00000586 - 000005CF (4a bytes), align: 1
  Segment part 7.
           ENTRY                   ADDRESS         REF BY
           =====                   =======         ======
           InitDrv                 00000586        InitOS (initos)
               non_banked function
               calls direct
               stack 1 = 00000000 ( 00000002 )
               stack 2 = 00000000 ( 00000002 )

    *************************************************************************

  FILE NAME : E:\work_folder\_new_\pems_os\compiler\IAR2.28A_AVR\Debug\Obj\intr.r90
  PROGRAM MODULE, NAME : intr

  SEGMENTS IN THE MODULE
  ======================
ABSOLUTE (ABS)
  Relative segment, address: DATA 0000002A - 0000002A (1 bytes), align: 0
  Segment part 1. ROOT.
           ENTRY                   ADDRESS         REF BY
           =====                   =======         ======
           _A_UCSR0B               0000002A 
    -------------------------------------------------------------------------
ABSOLUTE (ABS)
  Relative segment, address: DATA 0000002B - 0000002B (1 bytes), align: 0
  Segment part 2. ROOT.
           ENTRY                   ADDRESS         REF BY
           =====                   =======         ======
           _A_UCSR0A               0000002B 
    -------------------------------------------------------------------------
ABSOLUTE (ABS)
  Relative segment, address: DATA 0000002C - 0000002C (1 bytes), align: 0
  Segment part 3. ROOT.
           ENTRY                   ADDRESS         REF BY
           =====                   =======         ======
           _A_UDR0                 0000002C 
    -------------------------------------------------------------------------
ABSOLUTE (ABS)
  Relative segment, address: DATA 00000051 - 00000051 (1 bytes), align: 0
  Segment part 4. ROOT.
           ENTRY                   ADDRESS         REF BY
           =====                   =======         ======
           _A_OCR0                 00000051 
    -------------------------------------------------------------------------
ABSOLUTE (ABS)
  Relative segment, address: DATA 00000052 - 00000052 (1 bytes), align: 0
  Segment part 5. ROOT.
           ENTRY                   ADDRESS         REF BY
           =====                   =======         ======
           _A_TCNT0                00000052 
    -------------------------------------------------------------------------
ABSOLUTE (ABS)
  Relative segment, address: DATA 00000053 - 00000053 (1 bytes), align: 0
  Segment part 6. ROOT.
           ENTRY                   ADDRESS         REF BY
           =====                   =======         ======
           _A_TCCR0                00000053 
    -------------------------------------------------------------------------
ABSOLUTE (ABS)
  Relative segment, address: DATA 00000057 - 00000057 (1 bytes), align: 0
  Segment part 7. ROOT.
           ENTRY                   ADDRESS         REF BY
           =====                   =======         ======
           _A_TIMSK                00000057 
    -------------------------------------------------------------------------
ABSOLUTE (ABS)
  Relative segment, address: DATA 00000095 - 00000095 (1 bytes), align: 0
  Segment part 8. ROOT.
           ENTRY                   ADDRESS         REF BY
           =====                   =======         ======
           _A_UCSR0C               00000095 
    -------------------------------------------------------------------------
CODE
  Relative segment, address: CODE 000005D0 - 00000623 (54 bytes), align: 1
  Segment part 17.            Intra module refs:   Segment part 13
           ENTRY                   ADDRESS         REF BY
           =====                   =======         ======
           TIMER0_COMP_interrupt   000005D0 
               interrupt, non_banked function
               calls direct
               stack 1 = 00000000 ( 0000000F )
               stack 2 = 00000000 ( 00000002 )
    -------------------------------------------------------------------------
CODE
  Relative segment, address: CODE 00000624 - 0000067D (5a bytes), align: 1
  Segment part 18.            Intra module refs:   Segment part 14
           ENTRY                   ADDRESS         REF BY
           =====                   =======         ======
           USART0_RXC_interrupt    00000624 
               interrupt, non_banked function
               calls direct
               stack 1 = 00000000 ( 0000000F )
               stack 2 = 00000000 ( 00000002 )
    -------------------------------------------------------------------------
CODE
  Relative segment, address: CODE 0000067E - 00000691 (14 bytes), align: 1
  Segment part 19.
           ENTRY                   ADDRESS         REF BY
           =====                   =======         ======
           __TimerInit             0000067E        oSysTimerInit (timertick)
               non_banked function
    -------------------------------------------------------------------------
CODE
  Relative segment, address: CODE 00000692 - 0000069F (e bytes), align: 1
  Segment part 20.
           ENTRY                   ADDRESS         REF BY
           =====                   =======         ======
           __UartInit              00000692        Uart0Init (uart)
               non_banked function
    -------------------------------------------------------------------------
CODE
  Relative segment, address: CODE 000006A0 - 000006B5 (16 bytes), align: 1
  Segment part 21.
           ENTRY                   ADDRESS         REF BY
           =====                   =======         ======
           __CalBaud               000006A0        Uart0SetBaud (uart)
               non_banked function
               stack 1 = 00000000 ( 00000000 )
               stack 2 = 00000000 ( 00000002 )
    -------------------------------------------------------------------------
INTVEC
  Common segment, address: CODE 00000000 - 0000003F (40 bytes), align: 1
  Segment part 13. ROOT.
    -------------------------------------------------------------------------
INTVEC
  Common segment, address: CODE 00000000 - 0000004B (4c bytes), align: 1
  Segment part 14. ROOT.

    *************************************************************************

  FILE NAME : E:\work_folder\_new_\pems_os\compiler\IAR2.28A_AVR\Debug\Obj\main.r90
  PROGRAM MODULE, NAME : main

  SEGMENTS IN THE MODULE
  ======================
CODE
  Relative segment, address: CODE 000006B6 - 000006D7 (22 bytes), align: 1
  Segment part 7.
           ENTRY                   ADDRESS         REF BY
           =====                   =======         ======
           main                    000006B6        ?cstartup_call_main (?C_STARTUP)
               non_banked function
               calls direct
               stack 1 = 00000000 ( 0000000F )
               stack 2 = 00000000 ( 00000002 )
    -------------------------------------------------------------------------
CODE
  Relative segment, address: CODE 000006D8 - 000006E9 (12 bytes), align: 1
  Segment part 8.             Intra module refs:   main
           ENTRY                   ADDRESS         REF BY
           =====                   =======         ======
           InitSysBlk              000006D8 
               non_banked function
               calls direct
               stack 1 = 00000000 ( 00000000 )
               stack 2 = 00000000 ( 00000002 )

    *************************************************************************

  FILE NAME : E:\work_folder\_new_\pems_os\compiler\IAR2.28A_AVR\Debug\Obj\motion.r90
  PROGRAM MODULE, NAME : motion

  SEGMENTS IN THE MODULE
  ======================
ABSOLUTE (ABS)
  Relative segment, address: DATA 00000059 - 00000059 (1 bytes), align: 0
  Segment part 3. ROOT.
           ENTRY                   ADDRESS         REF BY
           =====                   =======         ======
           _A_EIMSK                00000059 
    -------------------------------------------------------------------------
ABSOLUTE (ABS)
  Relative segment, address: DATA 0000006A - 0000006A (1 bytes), align: 0
  Segment part 4. ROOT.
           ENTRY                   ADDRESS         REF BY
           =====                   =======         ======
           _A_EICRA                0000006A 
    -------------------------------------------------------------------------
NEAR_Z
  Relative segment, address: DATA 00001536 - 00001537 (2 bytes), align: 0
  Segment part 13.            Intra module refs:   END_interrupt
                                                   MOT_ioctl
                                                   MOT_open
           LOCAL                   ADDRESS         
           =====                   =======         
           gSensivity              00001536 
    -------------------------------------------------------------------------
NEAR_Z
  Relative segment, address: DATA 00001538 - 00001538 (1 bytes), align: 0
  Segment part 15.            Intra module refs:   END_interrupt
                                                   MOT_insmod
                                                   MOT_ioctl
           LOCAL                   ADDRESS         
           =====                   =======         
           Filter                  00001538 
    -------------------------------------------------------------------------
NEAR_I
  Relative segment, address: DATA 000013A0 - 000013A0 (1 bytes), align: 0
  Segment part 16.            Intra module refs:   END_interrupt
                                                   MOT_ioctl
                                                   MOT_read
           ENTRY                   ADDRESS         REF BY
           =====                   =======         ======
           mtbuf_lock              000013A0 
    -------------------------------------------------------------------------
NEAR_Z
  Relative segment, address: DATA 00001539 - 00001539 (1 bytes), align: 0
  Segment part 19.            Intra module refs:   END_interrupt
                                                   MOT_ioctl
                                                   MOT_read
           LOCAL                   ADDRESS         
           =====                   =======         
           mtbuf_end               00001539 
    -------------------------------------------------------------------------
NEAR_Z
  Relative segment, address: DATA 0000153A - 0000153A (1 bytes), align: 0
  Segment part 20.            Intra module refs:   MOT_read
           LOCAL                   ADDRESS         
           =====                   =======         
           mtbuf_start             0000153A 
    -------------------------------------------------------------------------
NEAR_Z
  Relative segment, address: DATA 0000153B - 0000154E (14 bytes), align: 0
  Segment part 21.            Intra module refs:   END_interrupt
                                                   MOT_ioctl
                                                   MOT_read
           ENTRY                   ADDRESS         REF BY
           =====                   =======         ======
           motTim                  0000153B 
    -------------------------------------------------------------------------
NEAR_Z
  Relative segment, address: DATA 0000154F - 00001562 (14 bytes), align: 0
  Segment part 22.            Intra module refs:   END_interrupt
                                                   MOT_ioctl
                                                   MOT_read
           ENTRY                   ADDRESS         REF BY
           =====                   =======         ======
           motBuf                  0000154F 
    -------------------------------------------------------------------------
NEAR_Z
  Relative segment, address: DATA 00001563 - 00001566 (4 bytes), align: 0
  Segment part 23.            Intra module refs:   END_interrupt
                                                   MOT_insmod
                                                   MOT_ioctl
                                                   MOT_read
           ENTRY                   ADDRESS         REF BY
           =====                   =======         ======
           Freq_min1               00001563 
    -------------------------------------------------------------------------
NEAR_Z
  Relative segment, address: DATA 00001567 - 0000156A (4 bytes), align: 0
  Segment part 24.            Intra module refs:   END_interrupt
                                                   MOT_insmod
                                                   START_interrupt
           LOCAL                   ADDRESS         
           =====                   =======         
           motionTick              00001567 
    -------------------------------------------------------------------------
NEAR_Z
  Relative segment, address: DATA 0000156B - 0000156E (4 bytes), align: 0
  Segment part 25.            Intra module refs:   END_interrupt
                                                   MOT_insmod
                                                   MOT_ioctl
           ENTRY                   ADDRESS         REF BY
           =====                   =======         ======
           tsysTime                0000156B 
    -------------------------------------------------------------------------
NEAR_Z
  Relative segment, address: DATA 0000156F - 00001570 (2 bytes), align: 0
  Segment part 26.            Intra module refs:   END_interrupt
                                                   MOT_insmod
                                                   MOT_ioctl
                                                   MOT_read
           ENTRY                   ADDRESS         REF BY
           =====                   =======         ======
           getSystime              0000156F 
    -------------------------------------------------------------------------
NEAR_Z
  Relative segment, address: DATA 00001571 - 00001571 (1 bytes), align: 0
  Segment part 27.            Intra module refs:   END_interrupt
                                                   MOT_insmod
                                                   MOT_ioctl
           ENTRY                   ADDRESS         REF BY
           =====                   =======         ======
           MASK                    00001571 
    -------------------------------------------------------------------------
NEAR_Z
  Relative segment, address: DATA 00001572 - 0000157D (c bytes), align: 0
  Segment part 28.            Intra module refs:   MOT_insmod
           ENTRY                   ADDRESS         REF BY
           =====                   =======         ======
           MOT_fop                 00001572 
    -------------------------------------------------------------------------
CODE
  Relative segment, address: CODE 000006EA - 00000747 (5e bytes), align: 1
  Segment part 29.            Intra module refs:   Segment part 9
           ENTRY                   ADDRESS         REF BY
           =====                   =======         ======
           START_interrupt         000006EA 
               interrupt, non_banked function
               calls direct
               stack 1 = 00000000 ( 0000000F )
               stack 2 = 00000000 ( 00000002 )
    -------------------------------------------------------------------------
CODE
  Relative segment, address: CODE 00000748 - 000008A9 (162 bytes), align: 1
  Segment part 30.            Intra module refs:   Segment part 10
           ENTRY                   ADDRESS         REF BY
           =====                   =======         ======
           END_interrupt           00000748 
               interrupt, non_banked function
               calls direct
               stack 1 = 00000000 ( 00000011 )
               stack 2 = 00000000 ( 00000002 )
    -------------------------------------------------------------------------
CODE
  Relative segment, address: CODE 000008AA - 00000957 (ae bytes), align: 1
  Segment part 31.
           ENTRY                   ADDRESS         REF BY
           =====                   =======         ======
           MOT_insmod              000008AA        InitDrv (insmod)
               non_banked function
               calls direct
               stack 1 = 00000000 ( 00000004 )
               stack 2 = 00000000 ( 00000002 )
    -------------------------------------------------------------------------
CODE
  Relative segment, address: CODE 00000958 - 0000096B (14 bytes), align: 1
  Segment part 32.            Intra module refs:   MOT_insmod
           ENTRY                   ADDRESS         REF BY
           =====                   =======         ======
           MOT_open                00000958 
               non_banked function
    -------------------------------------------------------------------------
CODE
  Relative segment, address: CODE 0000096C - 0000096D (2 bytes), align: 1
  Segment part 33.            Intra module refs:   MOT_insmod
           ENTRY                   ADDRESS         REF BY
           =====                   =======         ======
           MOT_write               0000096C 
               non_banked function
    -------------------------------------------------------------------------
CODE
  Relative segment, address: CODE 0000096E - 00000AA7 (13a bytes), align: 1
  Segment part 34.            Intra module refs:   MOT_insmod
           ENTRY                   ADDRESS         REF BY
           =====                   =======         ======
           MOT_read                0000096E 
               non_banked function
               calls direct
               stack 1 = 00000000 ( 0000000E )
               stack 2 = 00000000 ( 00000002 )
    -------------------------------------------------------------------------
CODE
  Relative segment, address: CODE 00000AA8 - 00000BFB (154 bytes), align: 1
  Segment part 35.            Intra module refs:   MOT_insmod
           ENTRY                   ADDRESS         REF BY
           =====                   =======         ======
           MOT_ioctl               00000AA8 
               non_banked function
               stack 1 = 00000000 ( 00000000 )
               stack 2 = 00000000 ( 00000002 )
    -------------------------------------------------------------------------
CODE
  Relative segment, address: CODE 00000BFC - 00000C07 (c bytes), align: 1
  Segment part 36.            Intra module refs:   MOT_insmod
           ENTRY                   ADDRESS         REF BY
           =====                   =======         ======
           MOT_close               00000BFC 
               non_banked function
    -------------------------------------------------------------------------
INTVEC
  Common segment, address: CODE 00000000 - 00000007 (8 bytes), align: 1
  Segment part 9. ROOT.
    -------------------------------------------------------------------------
INTVEC
  Common segment, address: CODE 00000000 - 0000000B (c bytes), align: 1
  Segment part 10. ROOT.
    -------------------------------------------------------------------------
NEAR_ID
  Relative segment, address: CODE 00002D4F - 00002D4F (1 bytes), align: 0
  Segment part 17.            Intra module refs:   mtbuf_lock

    *************************************************************************

  FILE NAME : E:\work_folder\_new_\pems_os\compiler\IAR2.28A_AVR\Debug\Obj\msg.r90
  PROGRAM MODULE, NAME : msg

  SEGMENTS IN THE MODULE
  ======================
NEAR_Z
  Relative segment, address: DATA 0000157E - 00001613 (96 bytes), align: 0
  Segment part 10.            Intra module refs:   RecvMsg
                                                   SendMsg
                                                   initMsg
                                                   insertMsgBox
           ENTRY                   ADDRESS         REF BY
           =====                   =======         ======
           msgbox                  0000157E 
    -------------------------------------------------------------------------
CODE
  Relative segment, address: CODE 00000C08 - 00000C4F (48 bytes), align: 1
  Segment part 12.
           ENTRY                   ADDRESS         REF BY
           =====                   =======         ======
           initMsg                 00000C08        InitOS (initos)
               non_banked function
               calls direct
               stack 1 = 00000000 ( 00000003 )
               stack 2 = 00000000 ( 00000002 )
    -------------------------------------------------------------------------
CODE
  Relative segment, address: CODE 00000C50 - 00000C8D (3e bytes), align: 1
  Segment part 13.
           ENTRY                   ADDRESS         REF BY
           =====                   =======         ======
           insertMsgBox            00000C50        recordingTaskInit (recordTask)
                                                   serialTaskInit (SerialTask)
               non_banked function
    -------------------------------------------------------------------------
CODE
  Relative segment, address: CODE 00000C8E - 00000D2B (9e bytes), align: 1
  Segment part 14.            Intra module refs:   SendMsg
           ENTRY                   ADDRESS         REF BY
           =====                   =======         ======
           writeBuff               00000C8E 
               non_banked function
               stack 1 = 00000000 ( 00000008 )
    -------------------------------------------------------------------------
CODE
  Relative segment, address: CODE 00000D2C - 00000DD7 (ac bytes), align: 1
  Segment part 15.            Intra module refs:   RecvMsg
           ENTRY                   ADDRESS         REF BY
           =====                   =======         ======
           readBuff                00000D2C 
               non_banked function
               stack 1 = 00000000 ( 00000008 )
    -------------------------------------------------------------------------
CODE
  Relative segment, address: CODE 00000DD8 - 00000E81 (aa bytes), align: 1
  Segment part 16.
           ENTRY                   ADDRESS         REF BY
           =====                   =======         ======
           SendMsg                 00000DD8        serial0Base (SerialTask)
               non_banked function
               calls direct
               stack 1 = 00000000 ( 0000000C )
               stack 2 = 00000000 ( 00000002 )
    -------------------------------------------------------------------------
CODE
  Relative segment, address: CODE 00000E82 - 00000EE3 (62 bytes), align: 1
  Segment part 17.
           ENTRY                   ADDRESS         REF BY
           =====                   =======         ======
           RecvMsg                 00000E82        serial0Base (SerialTask)
               non_banked function
               calls direct
               stack 1 = 00000000 ( 00000004 )
               stack 2 = 00000000 ( 00000002 )
    -------------------------------------------------------------------------
NEAR_I
  Relative segment, address: DATA 000013A1 - 000013B3 (13 bytes), align: 0
  Segment part 7.             Intra module refs:   initMsg
    -------------------------------------------------------------------------
NEAR_ID
  Relative segment, address: CODE 00002D50 - 00002D62 (13 bytes), align: 0
  Segment part 8.             Intra module refs:   Segment part 7

    *************************************************************************

  FILE NAME : E:\work_folder\_new_\pems_os\compiler\IAR2.28A_AVR\Debug\Obj\osapi.r90
  PROGRAM MODULE, NAME : osapi

  SEGMENTS IN THE MODULE
  ======================
NEAR_Z
  Relative segment, address: DATA 00001614 - 00001617 (4 bytes), align: 0
  Segment part 10.            Intra module refs:   oGetSystemTime
                                                   oInit
           LOCAL                   ADDRESS         
           =====                   =======         
           skipTime                00001614 
    -------------------------------------------------------------------------
NEAR_Z
  Relative segment, address: DATA 00001618 - 00001619 (2 bytes), align: 0
  Segment part 12.            Intra module refs:   oInit
           LOCAL                   ADDRESS         
           =====                   =======         
           randSeed                00001618 
    -------------------------------------------------------------------------
CODE
  Relative segment, address: CODE 00000EE4 - 00000F23 (40 bytes), align: 1
  Segment part 13.
           ENTRY                   ADDRESS         REF BY
           =====                   =======         ======
           oInit                   00000EE4        InitOS (initos)
               non_banked function
               calls direct
               stack 1 = 00000000 ( 00000002 )
               stack 2 = 00000000 ( 00000002 )
    -------------------------------------------------------------------------
CODE
  Relative segment, address: CODE 00000F24 - 00000F41 (1e bytes), align: 1
  Segment part 14.
           ENTRY                   ADDRESS         REF BY
           =====                   =======         ======
           oGetSystemTime          00000F24        CheckTimers (timelist)
                                                   END_interrupt (motion)
                                                   START_interrupt (motion)
               non_banked function
               calls direct
               stack 1 = 00000000 ( 00000000 )
               stack 2 = 00000000 ( 00000002 )
    -------------------------------------------------------------------------
CODE
  Relative segment, address: CODE 00000F42 - 00000F69 (28 bytes), align: 1
  Segment part 16.
           ENTRY                   ADDRESS         REF BY
           =====                   =======         ======
           oMemCopy                00000F42        MOT_read (motion)
                                                   URT0_read (uart0fr)
                                                   synchtimeValue (SerialTask)
               non_banked function
    -------------------------------------------------------------------------
CODE
  Relative segment, address: CODE 00000F6A - 00000F97 (2e bytes), align: 1
  Segment part 19.
           ENTRY                   ADDRESS         REF BY
           =====                   =======         ======
           oMemSet                 00000F6A        CreateTask (tcblist)
                                                   FastThreadInit (tcblist)
                                                   InitSysBlk (main)
                                                   TCB_Init (tcblist)
                                                   actingTaskInit (actionTask)
                                                   initMsg (msg)
                                                   recordingTaskInit (recordTask)
                                                   serialTaskInit (SerialTask)
                                                   taskschedInit (tasksched)
               non_banked function
    -------------------------------------------------------------------------
CODE
  Relative segment, address: CODE 00000F98 - 00000FE1 (4a bytes), align: 1
  Segment part 22.
           ENTRY                   ADDRESS         REF BY
           =====                   =======         ======
           oTimerDelay             00000F98        SONIC_read (sonic)
                                                   Tasksched (tasksched)
               non_banked function
               calls direct
               stack 1 = 00000000 ( 00000008 )
               stack 2 = 00000000 ( 00000002 )
    -------------------------------------------------------------------------
CODE
  Relative segment, address: CODE 00000FE2 - 0000102B (4a bytes), align: 1
  Segment part 25.
           ENTRY                   ADDRESS         REF BY
           =====                   =======         ======
           oTimerDelay5us          00000FE2        SONIC_read (sonic)
               non_banked function
               calls direct
               stack 1 = 00000000 ( 00000008 )
               stack 2 = 00000000 ( 00000002 )
    -------------------------------------------------------------------------
NEAR_I
  Relative segment, address: DATA 000013B4 - 000013C9 (16 bytes), align: 0
  Segment part 7.             Intra module refs:   oInit
    -------------------------------------------------------------------------
NEAR_ID
  Relative segment, address: CODE 00002D63 - 00002D78 (16 bytes), align: 0
  Segment part 8.             Intra module refs:   Segment part 7

    *************************************************************************

  FILE NAME : E:\work_folder\_new_\pems_os\compiler\IAR2.28A_AVR\Debug\Obj\photo.r90
  PROGRAM MODULE, NAME : photo

  SEGMENTS IN THE MODULE
  ======================
ABSOLUTE (ABS)
  Relative segment, address: DATA 00000024 - 00000025 (2 bytes), align: 0
  Segment part 1. ROOT.
           ENTRY                   ADDRESS         REF BY
           =====                   =======         ======
           _A_ADC                  00000024 
    -------------------------------------------------------------------------
ABSOLUTE (ABS)
  Relative segment, address: DATA 00000026 - 00000026 (1 bytes), align: 0
  Segment part 2. ROOT.
           ENTRY                   ADDRESS         REF BY
           =====                   =======         ======
           _A_ADCSR                00000026 
    -------------------------------------------------------------------------
ABSOLUTE (ABS)
  Relative segment, address: DATA 00000027 - 00000027 (1 bytes), align: 0
  Segment part 3. ROOT.
           ENTRY                   ADDRESS         REF BY
           =====                   =======         ======
           _A_ADMUX                00000027 
    -------------------------------------------------------------------------
ABSOLUTE (ABS)
  Relative segment, address: DATA 00000061 - 00000061 (1 bytes), align: 0
  Segment part 4. ROOT.
           ENTRY                   ADDRESS         REF BY
           =====                   =======         ======
           _A_DDRF                 00000061 
    -------------------------------------------------------------------------
ABSOLUTE (ABS)
  Relative segment, address: DATA 00000062 - 00000062 (1 bytes), align: 0
  Segment part 5. ROOT.
           ENTRY                   ADDRESS         REF BY
           =====                   =======         ======
           _A_PORTF                00000062 
    -------------------------------------------------------------------------
NEAR_Z
  Relative segment, address: DATA 0000161A - 0000161B (2 bytes), align: 0
  Segment part 12.            Intra module refs:   PHOTO_ioctl
                                                   PHOTO_open
                                                   PHOTO_read
           ENTRY                   ADDRESS         REF BY
           =====                   =======         ======
           nSampling               0000161A 
    -------------------------------------------------------------------------
NEAR_Z
  Relative segment, address: DATA 0000161C - 00001627 (c bytes), align: 0
  Segment part 14.            Intra module refs:   PHOTO_insmod
           ENTRY                   ADDRESS         REF BY
           =====                   =======         ======
           PHOTO_fop               0000161C 
    -------------------------------------------------------------------------
CODE
  Relative segment, address: CODE 0000102C - 0000107D (52 bytes), align: 1
  Segment part 15.
           ENTRY                   ADDRESS         REF BY
           =====                   =======         ======
           PHOTO_insmod            0000102C        InitDrv (insmod)
               non_banked function
               calls direct
               stack 1 = 00000000 ( 00000000 )
               stack 2 = 00000000 ( 00000002 )
    -------------------------------------------------------------------------
CODE
  Relative segment, address: CODE 0000107E - 0000108F (12 bytes), align: 1
  Segment part 16.            Intra module refs:   PHOTO_insmod
           ENTRY                   ADDRESS         REF BY
           =====                   =======         ======
           PHOTO_open              0000107E 
               non_banked function
    -------------------------------------------------------------------------
CODE
  Relative segment, address: CODE 00001090 - 0000111D (8e bytes), align: 1
  Segment part 17.            Intra module refs:   PHOTO_insmod
           ENTRY                   ADDRESS         REF BY
           =====                   =======         ======
           PHOTO_read              00001090 
               non_banked function
               calls direct
               stack 1 = 00000000 ( 00000004 )
               stack 2 = 00000000 ( 00000002 )
    -------------------------------------------------------------------------
CODE
  Relative segment, address: CODE 0000111E - 0000115D (40 bytes), align: 1
  Segment part 18.            Intra module refs:   PHOTO_insmod
           ENTRY                   ADDRESS         REF BY
           =====                   =======         ======
           PHOTO_ioctl             0000111E 
               non_banked function
    -------------------------------------------------------------------------
CODE
  Relative segment, address: CODE 0000115E - 00001165 (8 bytes), align: 1
  Segment part 19.            Intra module refs:   PHOTO_insmod
           ENTRY                   ADDRESS         REF BY
           =====                   =======         ======
           PHOTO_close             0000115E 
               non_banked function

    *************************************************************************

  FILE NAME : E:\work_folder\_new_\pems_os\compiler\IAR2.28A_AVR\Debug\Obj\printf.r90
  PROGRAM MODULE, NAME : printf

  SEGMENTS IN THE MODULE
  ======================
NEAR_Z
  Relative segment, address: DATA 00001628 - 00001629 (2 bytes), align: 0
  Segment part 8.             Intra module refs:   padding
                                                   xprintf
           LOCAL                   ADDRESS         
           =====                   =======         
           do_padding              00001628 
    -------------------------------------------------------------------------
[...]
  ======================
CODE
  Relative segment, address: CODE 00002BCA - 00002C15 (4c bytes), align: 1
  Segment part 0.
           ENTRY                   ADDRESS         REF BY
           =====                   =======         ======
           ?UL_DIVMOD_L03          00002BCA        ?SL_DIVMOD_L03 (?SL_DIVMOD_L03)
                                                   CalCarrier (timertick)
                                                   CalDayCarrier (timertick)
                                                   PHOTO_read (photo)
                                                   SERVO_ioctl (servo)
                                                   TickTocSynchRtime (timertick)
                                                   __CalBaud (intr)

    -------------------------------------------------------------------------
  LIBRARY MODULE, NAME : ?SL_DIVMOD_L03

  SEGMENTS IN THE MODULE
  ======================
CODE
  Relative segment, address: CODE 00002C16 - 00002C41 (2c bytes), align: 1
  Segment part 0.
           ENTRY                   ADDRESS         REF BY
           =====                   =======         ======
           ?SL_DIVMOD_L03          00002C16        outnum (printf)

    -------------------------------------------------------------------------
  LIBRARY MODULE, NAME : ?ML_FLASH_SRAM_L07

  SEGMENTS IN THE MODULE
  ======================
CODE
  Relative segment, address: CODE 00002C42 - 00002C63 (22 bytes), align: 1
  Segment part 6.
           ENTRY                   ADDRESS         REF BY
           =====                   =======         ======
           ?ML_FLASH_SRAM_24_16_L07
                                   00002C42        outnum (printf)

    -------------------------------------------------------------------------
  LIBRARY MODULE, NAME : ?REGISTER_CGREGR4_L10

  SEGMENTS IN THE MODULE
  ======================
CODE
  Relative segment, address: CODE 00002C64, align: 1
  Segment part 0.
           ENTRY                   ADDRESS         REF BY
           =====                   =======         ======
           ?Register_R4_is_cg_reg
                                   00002C64        CalDayCarrier (timertick)
                                                   CalYMDs (timertick)
                                                   CreateTask (tcblist)
                                                   MOT_read (motion)
                                                   SendMsg (msg)
                                                   Sendrdata (uart)
                                                   TickTocSynchRtime (timertick)
                                                   URT0_ioctl (uart0fr)
                                                   URT0_write (uart0fr)
                                                   headerSend (uart)
                                                   oTimerDelay (osapi)
                                                   oTimerDelay5us (osapi)
                                                   open (app)
                                                   outnum (printf)
                                                   readBuff (msg)
                                                   writeBuff (msg)

    -------------------------------------------------------------------------
  LIBRARY MODULE, NAME : ?REGISTER_CGREGR5_L10

  SEGMENTS IN THE MODULE
  ======================
CODE
  Relative segment, address: CODE 00002C64, align: 1
  Segment part 0.
           ENTRY                   ADDRESS         REF BY
           =====                   =======         ======
           ?Register_R5_is_cg_reg
                                   00002C64        CalYMDs (timertick)
                                                   CreateTask (tcblist)
                                                   MOT_read (motion)
                                                   SendMsg (msg)
                                                   Sendrdata (uart)
                                                   TickTocSynchRtime (timertick)
                                                   URT0_ioctl (uart0fr)
                                                   headerSend (uart)
                                                   oTimerDelay (osapi)
                                                   oTimerDelay5us (osapi)
                                                   open (app)
                                                   outnum (printf)
                                                   readBuff (msg)
                                                   writeBuff (msg)

    -------------------------------------------------------------------------
  LIBRARY MODULE, NAME : ?REGISTER_CGREGR6_L10

  SEGMENTS IN THE MODULE
  ======================
CODE
  Relative segment, address: CODE 00002C64, align: 1
  Segment part 0.
           ENTRY                   ADDRESS         REF BY
           =====                   =======         ======
           ?Register_R6_is_cg_reg
                                   00002C64        CalYMDs (timertick)
                                                   SendMsg (msg)
                                                   Sendrdata (uart)
                                                   TickTocSynchRtime (timertick)
                                                   headerSend (uart)
                                                   oTimerDelay (osapi)
                                                   oTimerDelay5us (osapi)
                                                   outnum (printf)
                                                   readBuff (msg)
                                                   writeBuff (msg)

    -------------------------------------------------------------------------
  LIBRARY MODULE, NAME : ?REGISTER_CGREGR7_L10

  SEGMENTS IN THE MODULE
  ======================
CODE
  Relative segment, address: CODE 00002C64, align: 1
  Segment part 0.
           ENTRY                   ADDRESS         REF BY
           =====                   =======         ======
           ?Register_R7_is_cg_reg
                                   00002C64        SendMsg (msg)
                                                   TickTocSynchRtime (timertick)
                                                   headerSend (uart)
                                                   oTimerDelay (osapi)
                                                   oTimerDelay5us (osapi)
                                                   outnum (printf)

    -------------------------------------------------------------------------
  LIBRARY MODULE, NAME : ?REGISTER_CGREGR8_L10

  SEGMENTS IN THE MODULE
  ======================
CODE
  Relative segment, address: CODE 00002C64, align: 1
  Segment part 0.
           ENTRY                   ADDRESS         REF BY
           =====                   =======         ======
           ?Register_R8_is_cg_reg
                                   00002C64        SendMsg (msg)
                                                   TickTocSynchRtime (timertick)
                                                   headerSend (uart)
                                                   outnum (printf)

    -------------------------------------------------------------------------
  LIBRARY MODULE, NAME : ?REGISTER_CGREGR9_L10

  SEGMENTS IN THE MODULE
  ======================
CODE
  Relative segment, address: CODE 00002C64, align: 1
  Segment part 0.
           ENTRY                   ADDRESS         REF BY
           =====                   =======         ======
           ?Register_R9_is_cg_reg
                                   00002C64        SendMsg (msg)
                                                   TickTocSynchRtime (timertick)
                                                   outnum (printf)

    -------------------------------------------------------------------------
  LIBRARY MODULE, NAME : ?REGISTER_CGREGR10_L10

  SEGMENTS IN THE MODULE
  ======================
CODE
  Relative segment, address: CODE 00002C64, align: 1
  Segment part 0.
           ENTRY                   ADDRESS         REF BY
           =====                   =======         ======
           ?Register_R10_is_cg_reg
                                   00002C64        SendMsg (msg)
                                                   TickTocSynchRtime (timertick)
                                                   outnum (printf)

    -------------------------------------------------------------------------
  LIBRARY MODULE, NAME : ?REGISTER_CGREGR11_L10

  SEGMENTS IN THE MODULE
  ======================
CODE
  Relative segment, address: CODE 00002C64, align: 1
  Segment part 0.
           ENTRY                   ADDRESS         REF BY
           =====                   =======         ======
           ?Register_R11_is_cg_reg
                                   00002C64        SendMsg (msg)
                                                   TickTocSynchRtime (timertick)
                                                   outnum (printf)

    -------------------------------------------------------------------------
  LIBRARY MODULE, NAME : ?REGISTER_CGREGR12_L10

  SEGMENTS IN THE MODULE
  ======================
CODE
  Relative segment, address: CODE 00002C64, align: 1
  Segment part 0.
           ENTRY                   ADDRESS         REF BY
           =====                   =======         ======
           ?Register_R12_is_cg_reg
                                   00002C64        TickTocSynchRtime (timertick)

    -------------------------------------------------------------------------
  LIBRARY MODULE, NAME : ?REGISTER_CGREGR13_L10

  SEGMENTS IN THE MODULE
  ======================
CODE
  Relative segment, address: CODE 00002C64, align: 1
  Segment part 0.
           ENTRY                   ADDRESS         REF BY
           =====                   =======         ======
           ?Register_R13_is_cg_reg
                                   00002C64        TickTocSynchRtime (timertick)

    -------------------------------------------------------------------------
  LIBRARY MODULE, NAME : ?REGISTER_CGREGR14_L10

  SEGMENTS IN THE MODULE
  ======================
CODE
  Relative segment, address: CODE 00002C64, align: 1
  Segment part 0.
           ENTRY                   ADDRESS         REF BY
           =====                   =======         ======
           ?Register_R14_is_cg_reg
                                   00002C64        TickTocSynchRtime (timertick)

    -------------------------------------------------------------------------
  LIBRARY MODULE, NAME : ?REGISTER_CGREGR15_L10

  SEGMENTS IN THE MODULE
  ======================
CODE
  Relative segment, address: CODE 00002C64, align: 1
  Segment part 0.
           ENTRY                   ADDRESS         REF BY
           =====                   =======         ======
           ?Register_R15_is_cg_reg
                                   00002C64        TickTocSynchRtime (timertick)

    -------------------------------------------------------------------------
  LIBRARY MODULE, NAME : low_level_init

  SEGMENTS IN THE MODULE
  ======================
CODE
  Relative segment, address: CODE 00002C64 - 00002C67 (4 bytes), align: 1
  Segment part 3.
           ENTRY                   ADDRESS         REF BY
           =====                   =======         ======
           __low_level_init        00002C64        ?call_low_level_init (?C_STARTUP)
               non_banked function

    -------------------------------------------------------------------------
  LIBRARY MODULE, NAME : ?segment_init

  SEGMENTS IN THE MODULE
  ======================
CODE
  Relative segment, address: CODE 00002C68 - 00002C7B (14 bytes), align: 1
  Segment part 8.             Intra module refs:   __flashcpy
                                                   __segment_init
           ENTRY                   ADDRESS         REF BY
           =====                   =======         ======
           __memclr                00002C68 
               non_banked function
    -------------------------------------------------------------------------
CODE
  Relative segment, address: CODE 00002C7C - 00002C87 (c bytes), align: 1
  Segment part 9.             Intra module refs:   __segment_init
           ENTRY                   ADDRESS         REF BY
           =====                   =======         ======
           __flashcpy              00002C7C 
               non_banked function
    -------------------------------------------------------------------------
CODE
  Relative segment, address: CODE 00002C88 - 00002CCD (46 bytes), align: 1
  Segment part 10.
           ENTRY                   ADDRESS         REF BY
           =====                   =======         ======
           __segment_init          00002C88        ?need_segment_init (?C_STARTUP)
               non_banked function
               calls direct
               stack 1 = 00000000 ( 00000000 )
               stack 2 = 00000000 ( 00000002 )
    -------------------------------------------------------------------------
INITTAB
  Relative segment, address: CODE 00002D07, align: 0
  Segment part 6.             Intra module refs:   __segment_init
           ENTRY                   ADDRESS         REF BY
           =====                   =======         ======
           ?<Segment part INITTAB>
                                   00002D07 

    -------------------------------------------------------------------------
  LIBRARY MODULE, NAME : ?strlen

  SEGMENTS IN THE MODULE
  ======================
CODE
  Relative segment, address: CODE 00002CCE - 00002CE1 (14 bytes), align: 1
  Segment part 3.
           ENTRY                   ADDRESS         REF BY
           =====                   =======         ======
           strlen                  00002CCE        outnum (printf)
                                                   outs (printf)
               non_banked function

    -------------------------------------------------------------------------
  LIBRARY MODULE, NAME : ?__exit

  SEGMENTS IN THE MODULE
  ======================
CODE
  Relative segment, address: CODE 00002CE2 - 00002CE7 (6 bytes), align: 1
  Segment part 0.
           ENTRY                   ADDRESS         REF BY
           =====                   =======         ======
           __exit                  00002CE4 
           ?C_EXIT                 00002CE4 
           ?C_FUNCALL              00002CE2 
           _exit                   00002CE2        ?cstartup_call_main (?C_STARTUP)
           exit                    00002CE2        ?cstartup_call_main (?C_STARTUP)

    *************************************************************************

  DEFINED ABSOLUTE ENTRIES
  PROGRAM MODULE, NAME : ?FILLER_BYTES

  SEGMENTS IN THE MODULE
  ======================
INTVEC
  Common segment, address: CODE 00000000 - 0000004B (4c bytes), align: 0
  Segment part 1.
    -------------------------------------------------------------------------
?FILL1
  Relative segment, address: CODE 0000004C - 0000008B (40 bytes), align: 0
  Segment part 0.




                ****************************************
                *                                      *
                *      SEGMENTS IN ADDRESS ORDER       *
                *                                      *
                ****************************************


SEGMENT              SPACE   START ADDRESS    END ADDRESS      SIZE  TYPE  ALIGN
=======              =====   =============    ===========      ====  ====  =====
INTVEC               CODE         00000000 - 0000004B            4C   com    1
?FILL1               CODE         0000004C - 0000008B            40   rel    0
NEAR_F               CODE         0000008C - 0000010C            81   rel    1
CODE                 CODE         0000010E - 00002CE7          2BDA   rel    1
FAR_F                CODE         00002CE8 - 00002CF8            11   rel    0
INITTAB              CODE         00002CF9 - 00002D06             E   rel    0
NEAR_ID              CODE         00002D07 - 00002E7E           178   rel    0
ABSOLUTE (ABS)       DATA              0000001C                       rel    0
                     DATA              0000001D                     
                     DATA              0000001E                     
                     DATA              0000001F                     
                     DATA         00000022 - 00000022             1 
                     DATA         00000023 - 00000023             1 
                     DATA         00000024 - 00000025             2 
                     DATA         00000026 - 00000026             1 
                     DATA         00000027 - 00000027             1 
                     DATA         00000029 - 00000029             1 
                     DATA         0000002A - 0000002A             1 
                     DATA         0000002B - 0000002B             1 
                     DATA         0000002C - 0000002C             1 
                     DATA         00000031 - 00000031             1 
                     DATA         00000032 - 00000032             1 
                     DATA         00000037 - 00000037             1 
                     DATA         00000038 - 00000038             1 
                     DATA         00000041 - 00000041             1 
                     DATA         0000004A - 0000004B             2 
                     DATA         0000004C - 0000004D             2 
                     DATA         0000004E - 0000004E             1 
                     DATA         0000004F - 0000004F             1 
                     DATA         00000051 - 00000051             1 
                     DATA         00000052 - 00000052             1 
                     DATA         00000053 - 00000053             1 
                     DATA         00000057 - 00000057             1 
                     DATA         00000059 - 00000059             1 
                     DATA         0000005A - 0000005A             1 
                     DATA         00000061 - 00000061             1 
                     DATA         00000062 - 00000062             1 
                     DATA         0000006A - 0000006A             1 
                     DATA         00000090 - 00000090             1 
                     DATA         00000095 - 00000095             1 
                     DATA         00000098 - 00000098             1 
                     DATA         00000099 - 00000099             1 
                     DATA         0000009A - 0000009A             1 
                     DATA         0000009B - 0000009B             1 
                     DATA         0000009C - 0000009C             1 
                     DATA         0000009D - 0000009D             1 
CSTACK               DATA         00000100 - 000010FF          1000   dse    0
RSTACK               DATA         00001100 - 00001357           258   dse    0
NEAR_I               DATA         00001358 - 000014CF           178   rel    0
NEAR_Z               DATA         000014D0 - 00001D21           852   rel    0

                ****************************************
                *                                      *
                *        END OF CROSS REFERENCE        *
                *                                      *
                ****************************************

 11 838 bytes of CODE memory (64 range fill)
  7 240 bytes of DATA memory

Errors: none
Warnings: none

